// Jest Snapshot v1, https://goo.gl/fbAQLP

exports['Match snapshot with no params 1'] = `
<DocumentFragment>
  .c0 {
  display: grid;
  grid-column-gap: 16px;
  grid-row-gap: 16px;
  grid-template-columns: 1fr;
}

.c1 {
  height: 200px;
  background-color: #56CCF2;
}

@media (min-width:576px) {
  .c0 {
    grid-template-columns: repeat(2,1fr);
  }
}

@media (min-width:768px) {
  .c0 {
    grid-template-columns: repeat(3,1fr);
  }
}

@media (min-width:992px) {
  .c0 {
    grid-template-columns: repeat(4,1fr);
  }
}

@media (min-width:1200px) {
  .c0 {
    grid-template-columns: repeat(5,1fr);
  }
}

<div
    class="c0"
  >
    <div
      class="c1"
    />
    <div
      class="c1"
    />
    <div
      class="c1"
    />
    <div
      class="c1"
    />
    <div
      class="c1"
    />
  </div>
</DocumentFragment>
`;

exports['Match snapshot with params 1'] = `
<DocumentFragment>
  .c0 {
  display: grid;
  grid-column-gap: 16px;
  grid-row-gap: 16px;
  grid-template-columns: 1fr;
}

.c1 {
  height: 200px;
  background-color: #56CCF2;
}

@media (min-width:576px) {
  .c0 {
    grid-template-columns: repeat(2,1fr);
  }
}

@media (min-width:768px) {
  .c0 {
    grid-template-columns: repeat(3,1fr);
  }
}

@media (min-width:992px) {
  .c0 {
    grid-template-columns: repeat(4,1fr);
  }
}

@media (min-width:1200px) {
  .c0 {
    grid-template-columns: repeat(5,1fr);
  }
}

<div
    class="c0"
  >
    <div
      class="c1"
    />
    <div
      class="c1"
    />
    <div
      class="c1"
    />
    <div
      class="c1"
    />
    <div
      class="c1"
    />
  </div>
</DocumentFragment>
`;

exports['Match snapshot with params lg 1'] = `
<DocumentFragment>
  .c0 {
  display: grid;
  grid-column-gap: 16px;
  grid-row-gap: 16px;
  grid-template-columns: 1fr;
}

.c1 {
  height: 200px;
  background-color: #56CCF2;
}

@media (min-width:576px) {
  .c0 {
    grid-template-columns: repeat(2,1fr);
  }
}

@media (min-width:768px) {
  .c0 {
    grid-template-columns: repeat(3,1fr);
  }
}

@media (min-width:992px) {
  .c0 {
    grid-template-columns: repeat(4,1fr);
  }
}

@media (min-width:1200px) {
  .c0 {
    grid-template-columns: repeat(5,1fr);
  }
}

<div
    class="c0"
  >
    <div
      class="c1"
    />
    <div
      class="c1"
    />
    <div
      class="c1"
    />
    <div
      class="c1"
    />
    <div
      class="c1"
    />
  </div>
</DocumentFragment>
`;

exports['Match snapshot with params md 1'] = `
<DocumentFragment>
  .c0 {
  display: grid;
  grid-column-gap: 16px;
  grid-row-gap: 16px;
  grid-template-columns: 1fr;
}

.c1 {
  height: 200px;
  background-color: #56CCF2;
}

@media (min-width:576px) {
  .c0 {
    grid-template-columns: repeat(2,1fr);
  }
}

@media (min-width:768px) {
  .c0 {
    grid-template-columns: repeat(3,1fr);
  }
}

@media (min-width:992px) {
  .c0 {
    grid-template-columns: repeat(4,1fr);
  }
}

@media (min-width:1200px) {
  .c0 {
    grid-template-columns: repeat(5,1fr);
  }
}

<div
    class="c0"
  >
    <div
      class="c1"
    />
    <div
      class="c1"
    />
    <div
      class="c1"
    />
    <div
      class="c1"
    />
    <div
      class="c1"
    />
  </div>
</DocumentFragment>
`;

exports['Match snapshot with params sm 1'] = `
<DocumentFragment>
  .c0 {
  display: grid;
  grid-column-gap: 16px;
  grid-row-gap: 16px;
  grid-template-columns: 1fr;
}

.c1 {
  height: 200px;
  background-color: #56CCF2;
}

@media (min-width:576px) {
  .c0 {
    grid-template-columns: repeat(2,1fr);
  }
}

@media (min-width:768px) {
  .c0 {
    grid-template-columns: repeat(3,1fr);
  }
}

@media (min-width:992px) {
  .c0 {
    grid-template-columns: repeat(4,1fr);
  }
}

@media (min-width:1200px) {
  .c0 {
    grid-template-columns: repeat(5,1fr);
  }
}

<div
    class="c0"
  >
    <div
      class="c1"
    />
    <div
      class="c1"
    />
    <div
      class="c1"
    />
    <div
      class="c1"
    />
    <div
      class="c1"
    />
  </div>
</DocumentFragment>
`;

exports['Match snapshot with params xl 1'] = `
<DocumentFragment>
  .c0 {
  display: grid;
  grid-column-gap: 16px;
  grid-row-gap: 16px;
  grid-template-columns: 1fr;
}

.c1 {
  height: 200px;
  background-color: #56CCF2;
}

@media (min-width:576px) {
  .c0 {
    grid-template-columns: repeat(2,1fr);
  }
}

@media (min-width:768px) {
  .c0 {
    grid-template-columns: repeat(3,1fr);
  }
}

@media (min-width:992px) {
  .c0 {
    grid-template-columns: repeat(4,1fr);
  }
}

@media (min-width:1200px) {
  .c0 {
    grid-template-columns: repeat(5,1fr);
  }
}

<div
    class="c0"
  >
    <div
      class="c1"
    />
    <div
      class="c1"
    />
    <div
      class="c1"
    />
    <div
      class="c1"
    />
    <div
      class="c1"
    />
  </div>
</DocumentFragment>
`;
